<html>
<body>
<pre>
<h1>µVision Build Log</h1>
<h2>Tool Versions:</h2>
IDE-Version: µVision V5.33.0.0
Copyright (C) 2020 ARM Ltd and ARM Germany GmbH. All rights reserved.
License Information: 1 HP, HP Inc., LIC=----
 
Tool Versions:
Toolchain:       MDK-Lite  Version: 5.33.0.0
Toolchain Path:  C:\Keil_v5\ARM\ARMCC\Bin
C Compiler:      Armcc.exe V5.06 update 7 (build 960)
Assembler:       Armasm.exe V5.06 update 7 (build 960)
Linker/Locator:  ArmLink.exe V5.06 update 7 (build 960)
Library Manager: ArmAr.exe V5.06 update 7 (build 960)
Hex Converter:   FromElf.exe V5.06 update 7 (build 960)
CPU DLL:         SARMCM3.DLL V5.33.0.0
Dialog DLL:      DCM.DLL V1.17.3.0
Target DLL:      STLink\ST-LINKIII-KEIL_SWO.dll V3.0.8.0
Dialog DLL:      TCM.DLL V1.48.0.0
 
<h2>Project:</h2>
D:\Study\KY_7\Embedded-System\Excercises\ONTAP\PART_1\EX_7\7seg_count\MDK-ARM\7seg_count.uvprojx
Project File Date:  11/08/2022

<h2>Output:</h2>
*** Using Compiler 'V5.06 update 7 (build 960)', folder: 'C:\Keil_v5\ARM\ARMCC\Bin'
Build target '7seg_count'
compiling main.c...
../Core/Src/main.c(53): warning:  #188-D: enumerated type mixed with another type
  	HAL_GPIO_WritePin(GPIOB, GPIO_PIN_0, number & 0x0001);
../Core/Src/main.c(54): warning:  #188-D: enumerated type mixed with another type
  	HAL_GPIO_WritePin(GPIOB, GPIO_PIN_1, number  & 0x0002);
../Core/Src/main.c(55): warning:  #188-D: enumerated type mixed with another type
  	HAL_GPIO_WritePin(GPIOB, GPIO_PIN_2, number  & 0x0004);
../Core/Src/main.c(56): warning:  #188-D: enumerated type mixed with another type
  	HAL_GPIO_WritePin(GPIOB, GPIO_PIN_3, number  & 0x0008);
../Core/Src/main.c(57): warning:  #188-D: enumerated type mixed with another type
  	HAL_GPIO_WritePin(GPIOB, GPIO_PIN_4, number  & 0x0010);
../Core/Src/main.c(58): warning:  #188-D: enumerated type mixed with another type
  	HAL_GPIO_WritePin(GPIOB, GPIO_PIN_5, number  & 0x0020);
../Core/Src/main.c(59): warning:  #188-D: enumerated type mixed with another type
  	HAL_GPIO_WritePin(GPIOB, GPIO_PIN_6, number  & 0x0040);
../Core/Src/main.c(60): warning:  #188-D: enumerated type mixed with another type
  	HAL_GPIO_WritePin(GPIOB, GPIO_PIN_7, number  & 0x0080);
../Core/Src/main.c: 8 warnings, 0 errors
linking...
Program Size: Code=2940 RO-data=284 RW-data=32 ZI-data=1632  
FromELF: creating hex file...
"7seg_count\7seg_count.axf" - 0 Error(s), 8 Warning(s).

<h2>Software Packages used:</h2>

Package Vendor: ARM
                http://www.keil.com/pack/ARM.CMSIS.5.7.0.pack
                ARM.CMSIS.5.7.0
                CMSIS (Cortex Microcontroller Software Interface Standard)
   * Component: CORE Version: 5.4.0

Package Vendor: Keil
                http://www.keil.com/pack/Keil.STM32F1xx_DFP.2.3.0.pack
                Keil.STM32F1xx_DFP.2.3.0
                STMicroelectronics STM32F1 Series Device Support, Drivers and Examples

<h2>Collection of Component include folders:</h2>
  .\RTE\_7seg_count
  C:\Users\HP\AppData\Local\Arm\Packs\ARM\CMSIS\5.7.0\CMSIS\Core\Include
  C:\Users\HP\AppData\Local\Arm\Packs\Keil\STM32F1xx_DFP\2.3.0\Device\Include

<h2>Collection of Component Files used:</h2>

   * Component: ARM::CMSIS:CORE:5.4.0
Build Time Elapsed:  00:00:01
</pre>
</body>
</html>
